// Vitest Snapshot v1, https://vitest.dev/guide/snapshot.html

exports[`Editor 1`] = `
{
  "$destroy": [Function],
  "$on": [Function],
  "$set": [Function],
}
`;
